[     118ms] [LOG] [Fast Refresh] rebuilding @ http://localhost:3000/_next/static/chunks/node_modules_next_dist_115brz8._.js:2477
[     269ms] [LOG] [Fast Refresh] done in 252ms @ http://localhost:3000/_next/static/chunks/node_modules_next_dist_115brz8._.js:2477
[     373ms] [LOG] [Fast Refresh] rebuilding @ http://localhost:3000/_next/static/chunks/node_modules_next_dist_115brz8._.js:2477
[     925ms] [LOG] [Fast Refresh] done in 656ms @ http://localhost:3000/_next/static/chunks/node_modules_next_dist_115brz8._.js:2477
[     952ms] [ERROR] Analytics SDK: TypeError: Failed to fetch
    at _t (<anonymous>:1:64025)
    at <anonymous>:1:68106 {context: AnalyticsSDKApiError} @ http://localhost:3000/_next/static/chunks/node_modules_next_dist_115brz8._.js:3318
[     955ms] [ERROR] Failed to load resource: the server responded with a status of 404 (Not Found) @ http://localhost:3000/skills/browse:0
[    1051ms] [INFO] %cDownload the React DevTools for a better development experience: https://react.dev/link/react-devtools font-weight:bold @ http://localhost:3000/_next/static/chunks/node_modules_next_dist_115brz8._.js:2477
[    1088ms] [LOG] [HMR] connected @ http://localhost:3000/_next/static/chunks/node_modules_next_dist_115brz8._.js:2477
[    1229ms] [WARNING] Lit is in dev mode. Not recommended for production! See https://lit.dev/msg/dev-mode for more information. @ http://localhost:3000/_next/static/chunks/node_modules_next_dist_115brz8._.js:2477
[    1242ms] [ERROR] Failed to load resource: the server responded with a status of 403 () @ https://api.web3modal.org/appkit/v1/config?projectId=dev-project-id&st=appkit&sv=html-core-1.7.8:0
[    1243ms] [WARNING] [Reown Config] Failed to fetch remote project configuration. Using local/default values. Error: HTTP status code: 403
    at fetchData (http://localhost:3000/_next/static/chunks/node_modules_%40reown_appkit-controllers_dist_esm_src_12bswlc._.js:1203:21)
    at async FetchUtil.get (http://localhost:3000/_next/static/chunks/node_modules_%40reown_appkit-controllers_dist_esm_src_12bswlc._.js:1217:26)
    at async Object.fetchProjectConfig (http://localhost:3000/_next/static/chunks/node_modules_%40reown_appkit-controllers_dist_esm_src_12bswlc._.js:2182:26)
    at async Object.fetchRemoteFeatures (http://localhost:3000/_next/static/chunks/node_modules_%40reown_appkit_dist_esm_08.qcar._.js:1108:32)
    at async AppKit.initialize (http://localhost:3000/_next/static/chunks/node_modules_%40reown_appkit_dist_esm_08.qcar._.js:1388:31) @ http://localhost:3000/_next/static/chunks/node_modules_next_dist_115brz8._.js:2477
[    1294ms] [ERROR] Failed to load resource: the server responded with a status of 400 () @ https://pulse.walletconnect.org/e?projectId=dev-project-id&st=appkit&sv=html-core-1.7.8:0
[    1318ms] [LOG] [Fast Refresh] rebuilding @ http://localhost:3000/_next/static/chunks/node_modules_next_dist_115brz8._.js:2477
[    1430ms] [ERROR] Failed to load resource: the server responded with a status of 404 (Not Found) @ http://localhost:3000/skills/browse:0
[    1431ms] [ERROR] Error checking Cross-Origin-Opener-Policy: HTTP error! status: 404 @ http://localhost:3000/_next/static/chunks/node_modules_next_dist_115brz8._.js:3318
[    1434ms] [LOG] [Fast Refresh] done in 228ms @ http://localhost:3000/_next/static/chunks/node_modules_next_dist_115brz8._.js:2477
