[     123ms] [LOG] [Fast Refresh] rebuilding @ http://localhost:3000/_next/static/chunks/node_modules_next_dist_115brz8._.js:2477
[    2775ms] [INFO] %cDownload the React DevTools for a better development experience: https://react.dev/link/react-devtools font-weight:bold @ http://localhost:3000/_next/static/chunks/node_modules_next_dist_115brz8._.js:2477
[    2811ms] [LOG] [HMR] connected @ http://localhost:3000/_next/static/chunks/node_modules_next_dist_115brz8._.js:2477
[    2942ms] [ERROR] In HTML, %s cannot be a descendant of <%s>.
This will cause a hydration error.%s <a> a 

  ...
    <NavigationMenuList>
      <NavigationMenuList data-slot="navigation..." className="group flex...">
        <CompositeRoot render={undefined} className="group flex..." style={undefined} state={{open:false}} refs={[...]} ...>
          <CompositeList elementsRef={{current:[...]}} onMapChange={function onMapChange}>
            <ul aria-orientation={undefined} ref={function} onFocus={function} onKeyDown={function} ...>
              <NavigationMenuItem>
              <NavigationMenuItem>
              <NavigationMenuItem>
              <NavigationMenuItem>
                <NavigationMenuItem data-slot="navigation..." className="relative">
                  <li data-slot="navigation..." ref={null} className="relative">
                    <NavigationMenuLink asChild={true}>
                      <NavigationMenuLink data-slot="navigation..." className={"flex ite..."} asChild={true}>
                        <CompositeItem tag="a" render={undefined} className={"flex ite..."} style={undefined} ...>
>                         <a
>                           tabIndex={undefined}
>                           onFocus={function}
>                           onMouseMove={function}
>                           aria-current={undefined}
>                           onClick={function}
>                           onBlur={function}
>                           data-slot="navigation-menu-link"
>                           asChild={true}
>                           ref={function}
>                           className={"flex items-center gap-2 rounded-lg p-2 text-sm transition-all outline-none ho..."}
>                         >
                            <LinkComponent href="/governanc..." className="group/navi...">
>                             <a
>                               className="group/navigation-menu-trigger inline-flex h-9 w-max items-center justify-ce..."
>                               ref={function}
>                               onClick={function onClick}
>                               onMouseEnter={function onMouseEnter}
>                               onTouchStart={function onTouchStart}
>                               href="/governance/proposals"
>                             >
              ...
 @ http://localhost:3000/_next/static/chunks/node_modules_next_dist_115brz8._.js:3318
[    2942ms] [ERROR] <%s> cannot contain a nested %s.
See this log for the ancestor stack trace. a <a> @ http://localhost:3000/_next/static/chunks/node_modules_next_dist_115brz8._.js:3318
[    2965ms] [ERROR] React does not recognize the `%s` prop on a DOM element. If you intentionally want it to appear in the DOM as a custom attribute, spell it as lowercase `%s` instead. If you accidentally passed it from a parent component, remove it from the DOM element. asChild aschild @ http://localhost:3000/_next/static/chunks/node_modules_next_dist_115brz8._.js:3318
[    3018ms] Error: Hydration failed because the server rendered HTML didn't match the client. As a result this tree will be regenerated on the client. This can happen if a SSR-ed Client Component used:

- A server/client branch `if (typeof window !== 'undefined')`.
- Variable input such as `Date.now()` or `Math.random()` which changes each time it's called.
- Date formatting in a user's locale which doesn't match the server.
- External changing data without sending a snapshot of it along with the HTML.
- Invalid HTML tag nesting.

It can also happen if the client has a browser extension installed which messes with the HTML before React loaded.

https://react.dev/link/hydration-mismatch
    at throwOnHydrationMismatch (http://localhost:3000/_next/static/chunks/node_modules_next_dist_compiled_react-dom_058-ah~._.js:3318:56)
    at beginWork (http://localhost:3000/_next/static/chunks/node_modules_next_dist_compiled_react-dom_058-ah~._.js:6758:918)
    at runWithFiberInDEV (http://localhost:3000/_next/static/chunks/node_modules_next_dist_compiled_react-dom_058-ah~._.js:965:74)
    at performUnitOfWork (http://localhost:3000/_next/static/chunks/node_modules_next_dist_compiled_react-dom_058-ah~._.js:9555:97)
    at workLoopConcurrentByScheduler (http://localhost:3000/_next/static/chunks/node_modules_next_dist_compiled_react-dom_058-ah~._.js:9551:58)
    at renderRootConcurrent (http://localhost:3000/_next/static/chunks/node_modules_next_dist_compiled_react-dom_058-ah~._.js:9534:71)
    at performWorkOnRoot (http://localhost:3000/_next/static/chunks/node_modules_next_dist_compiled_react-dom_058-ah~._.js:9061:150)
    at performWorkOnRootViaSchedulerTask (http://localhost:3000/_next/static/chunks/node_modules_next_dist_compiled_react-dom_058-ah~._.js:10255:9)
    at MessagePort.performWorkUntilDeadline (http://localhost:3000/_next/static/chunks/node_modules_next_dist_compiled_0rpq4pf._.js:2647:64)
[    3135ms] [WARNING] Lit is in dev mode. Not recommended for production! See https://lit.dev/msg/dev-mode for more information. @ http://localhost:3000/_next/static/chunks/node_modules_next_dist_115brz8._.js:2477
[    3143ms] [ERROR] Failed to load resource: the server responded with a status of 403 () @ https://api.web3modal.org/appkit/v1/config?projectId=your-project-id&st=appkit&sv=html-core-1.7.8:0
[    3143ms] [WARNING] [Reown Config] Failed to fetch remote project configuration. Using local/default values. Error: HTTP status code: 403
    at fetchData (http://localhost:3000/_next/static/chunks/node_modules_%40reown_appkit-controllers_dist_esm_src_12bswlc._.js:1203:21)
    at async FetchUtil.get (http://localhost:3000/_next/static/chunks/node_modules_%40reown_appkit-controllers_dist_esm_src_12bswlc._.js:1217:26)
    at async Object.fetchProjectConfig (http://localhost:3000/_next/static/chunks/node_modules_%40reown_appkit-controllers_dist_esm_src_12bswlc._.js:2182:26)
    at async Object.fetchRemoteFeatures (http://localhost:3000/_next/static/chunks/node_modules_%40reown_appkit_dist_esm_08.qcar._.js:1108:32)
    at async AppKit.initialize (http://localhost:3000/_next/static/chunks/node_modules_%40reown_appkit_dist_esm_08.qcar._.js:1388:31) @ http://localhost:3000/_next/static/chunks/node_modules_next_dist_115brz8._.js:2477
[    3221ms] [ERROR] Failed to load resource: the server responded with a status of 400 () @ https://pulse.walletconnect.org/e?projectId=your-project-id&st=appkit&sv=html-core-1.7.8:0
