[    2833ms] [INFO] %cDownload the React DevTools for a better development experience: https://react.dev/link/react-devtools font-weight:bold @ http://localhost:3000/_next/static/chunks/node_modules_next_dist_115brz8._.js:2477
[    2864ms] [LOG] [HMR] connected @ http://localhost:3000/_next/static/chunks/node_modules_next_dist_115brz8._.js:2477
[    3028ms] [ERROR] In HTML, %s cannot be a descendant of <%s>.
This will cause a hydration error.%s <button> button 

  ...
    <div className="container ...">
      <div>
      <div className="grid gap-6...">
        <div className="space-y-6">
          <ProposalParametersSection>
          <EmergencyStopSection>
            <Card>
              <div data-slot="card" data-size="default" className={"group/ca..."}>
                <CardHeader>
                <CardContent className="space-y-4">
                  <div data-slot="card-content" className="px-4 group...">
                    <p>
                    <AlertDialog>
                      <AlertDialogRoot data-slot="alert-dialog">
                        <AlertDialogTrigger>
                          <DialogTrigger data-slot="alert-dial...">
>                           <button
>                             type="button"
>                             onClick={function}
>                             onMouseDown={function}
>                             onKeyDown={function}
>                             onKeyUp={function}
>                             onPointerDown={function}
>                             tabIndex={0}
>                             disabled={false}
>                             data-base-ui-click-trigger=""
>                             id="base-ui-_R_1mkqatpesndhlb_"
>                             aria-haspopup="dialog"
>                             aria-expanded={false}
>                             aria-controls={undefined}
>                             data-slot="alert-dialog-trigger"
>                             ref={function}
>                           >
                              <Button variant="destructive" className="w-full" size="lg">
                                <Button data-slot="button" className={"group/bu..."}>
>                                 <button
>                                   type="button"
>                                   onClick={function}
>                                   onMouseDown={function}
>                                   onKeyDown={function}
>                                   onKeyUp={function}
>                                   onPointerDown={function}
>                                   tabIndex={0}
>                                   disabled={false}
>                                   data-slot="button"
>                                   ref={function}
>                                   className={"group/button inline-flex shrink-0 items-center justify-center rounded..."}
>                                 >
                        ...
        ...
 @ http://localhost:3000/_next/static/chunks/node_modules_next_dist_115brz8._.js:3318
[    3028ms] [ERROR] <%s> cannot contain a nested %s.
See this log for the ancestor stack trace. button <button> @ http://localhost:3000/_next/static/chunks/node_modules_next_dist_115brz8._.js:3318
[    3114ms] Error: Hydration failed because the server rendered HTML didn't match the client. As a result this tree will be regenerated on the client. This can happen if a SSR-ed Client Component used:

- A server/client branch `if (typeof window !== 'undefined')`.
- Variable input such as `Date.now()` or `Math.random()` which changes each time it's called.
- Date formatting in a user's locale which doesn't match the server.
- External changing data without sending a snapshot of it along with the HTML.
- Invalid HTML tag nesting.

It can also happen if the client has a browser extension installed which messes with the HTML before React loaded.

https://react.dev/link/hydration-mismatch
    at throwOnHydrationMismatch (http://localhost:3000/_next/static/chunks/node_modules_next_dist_compiled_react-dom_058-ah~._.js:3318:56)
    at beginWork (http://localhost:3000/_next/static/chunks/node_modules_next_dist_compiled_react-dom_058-ah~._.js:6758:918)
    at runWithFiberInDEV (http://localhost:3000/_next/static/chunks/node_modules_next_dist_compiled_react-dom_058-ah~._.js:965:74)
    at performUnitOfWork (http://localhost:3000/_next/static/chunks/node_modules_next_dist_compiled_react-dom_058-ah~._.js:9555:97)
    at workLoopConcurrentByScheduler (http://localhost:3000/_next/static/chunks/node_modules_next_dist_compiled_react-dom_058-ah~._.js:9551:58)
    at renderRootConcurrent (http://localhost:3000/_next/static/chunks/node_modules_next_dist_compiled_react-dom_058-ah~._.js:9534:71)
    at performWorkOnRoot (http://localhost:3000/_next/static/chunks/node_modules_next_dist_compiled_react-dom_058-ah~._.js:9061:150)
    at performWorkOnRootViaSchedulerTask (http://localhost:3000/_next/static/chunks/node_modules_next_dist_compiled_react-dom_058-ah~._.js:10255:9)
    at MessagePort.performWorkUntilDeadline (http://localhost:3000/_next/static/chunks/node_modules_next_dist_compiled_0rpq4pf._.js:2647:64)
[    3178ms] [WARNING] Lit is in dev mode. Not recommended for production! See https://lit.dev/msg/dev-mode for more information. @ http://localhost:3000/_next/static/chunks/node_modules_next_dist_115brz8._.js:2477
[    3188ms] [ERROR] Failed to load resource: the server responded with a status of 403 () @ https://api.web3modal.org/appkit/v1/config?projectId=your-project-id&st=appkit&sv=html-core-1.7.8:0
[    3189ms] [WARNING] [Reown Config] Failed to fetch remote project configuration. Using local/default values. Error: HTTP status code: 403
    at fetchData (http://localhost:3000/_next/static/chunks/node_modules_%40reown_appkit-controllers_dist_esm_src_12bswlc._.js:1203:21)
    at async FetchUtil.get (http://localhost:3000/_next/static/chunks/node_modules_%40reown_appkit-controllers_dist_esm_src_12bswlc._.js:1217:26)
    at async Object.fetchProjectConfig (http://localhost:3000/_next/static/chunks/node_modules_%40reown_appkit-controllers_dist_esm_src_12bswlc._.js:2182:26)
    at async Object.fetchRemoteFeatures (http://localhost:3000/_next/static/chunks/node_modules_%40reown_appkit_dist_esm_08.qcar._.js:1108:32)
    at async AppKit.initialize (http://localhost:3000/_next/static/chunks/node_modules_%40reown_appkit_dist_esm_08.qcar._.js:1388:31) @ http://localhost:3000/_next/static/chunks/node_modules_next_dist_115brz8._.js:2477
