[      66ms] [ERROR] Analytics SDK: TypeError: Failed to fetch
    at _t (<anonymous>:1:64025)
    at <anonymous>:1:68106 {context: AnalyticsSDKApiError} @ http://localhost:3000/_next/static/chunks/node_modules_next_dist_115brz8._.js:3318
[      68ms] [ERROR] Failed to load resource: the server responded with a status of 404 (Not Found) @ http://localhost:3000/provider/dashboard:0
[     114ms] [INFO] %cDownload the React DevTools for a better development experience: https://react.dev/link/react-devtools font-weight:bold @ http://localhost:3000/_next/static/chunks/node_modules_next_dist_115brz8._.js:2477
[     138ms] [LOG] [HMR] connected @ http://localhost:3000/_next/static/chunks/node_modules_next_dist_115brz8._.js:2477
[     287ms] [WARNING] Lit is in dev mode. Not recommended for production! See https://lit.dev/msg/dev-mode for more information. @ http://localhost:3000/_next/static/chunks/node_modules_next_dist_115brz8._.js:2477
[     295ms] [ERROR] Failed to load resource: the server responded with a status of 403 () @ https://api.web3modal.org/appkit/v1/config?projectId=your-project-id&st=appkit&sv=html-core-1.7.8:0
[     295ms] [WARNING] [Reown Config] Failed to fetch remote project configuration. Using local/default values. Error: HTTP status code: 403
    at fetchData (http://localhost:3000/_next/static/chunks/node_modules_%40reown_appkit-controllers_dist_esm_src_12bswlc._.js:1203:21)
    at async FetchUtil.get (http://localhost:3000/_next/static/chunks/node_modules_%40reown_appkit-controllers_dist_esm_src_12bswlc._.js:1217:26)
    at async Object.fetchProjectConfig (http://localhost:3000/_next/static/chunks/node_modules_%40reown_appkit-controllers_dist_esm_src_12bswlc._.js:2182:26)
    at async Object.fetchRemoteFeatures (http://localhost:3000/_next/static/chunks/node_modules_%40reown_appkit_dist_esm_08.qcar._.js:1108:32)
    at async AppKit.initialize (http://localhost:3000/_next/static/chunks/node_modules_%40reown_appkit_dist_esm_08.qcar._.js:1388:31) @ http://localhost:3000/_next/static/chunks/node_modules_next_dist_115brz8._.js:2477
[     375ms] [ERROR] Failed to load resource: the server responded with a status of 400 () @ https://pulse.walletconnect.org/e?projectId=your-project-id&st=appkit&sv=html-core-1.7.8:0
[     385ms] [ERROR] Failed to load resource: the server responded with a status of 404 (Not Found) @ http://localhost:3000/provider/dashboard:0
[     385ms] [ERROR] Error checking Cross-Origin-Opener-Policy: HTTP error! status: 404 @ http://localhost:3000/_next/static/chunks/node_modules_next_dist_115brz8._.js:3318
[   10571ms] [ERROR] Failed to load resource: net::ERR_CONNECTION_TIMED_OUT @ https://cca-lite.coinbase.com/metrics:0
[   10571ms] [ERROR] Analytics SDK: TypeError: Failed to fetch
    at _t (<anonymous>:1:64025)
    at <anonymous>:1:68106 {context: AnalyticsSDKApiError} @ http://localhost:3000/_next/static/chunks/node_modules_next_dist_115brz8._.js:3318
